[clickmedia.com.ng/index.html]
[backblue.gif]
[fade.gif]
[index.html]
[clickmedia.com.ng/wp-content/plugins/chaty/css/chaty-front.minc280.css]
[clickmedia.com.ng/feed/index.html]
[clickmedia.com.ng/wp-includes/css/dist/block-library/style.min76f3.css]
[clickmedia.com.ng/wp-includes/css/dist/block-library/theme.min76f3.css]
[clickmedia.com.ng/comments/feed/index.html]
[cdnjs.cloudflare.com/ajax/libs/font-awesome/5.15.3/css/all.min76f3.css]
[clickmedia.com.ng/wp-content/themes/clickmedia/assets/app19f6.css]
[clickmedia.com.ng/wp-includes/js/jquery/jquery.min9d52.js]
[clickmedia.com.ng/wp-includes/js/jquery/jquery-migrate.mind617.js]
[clickmedia.com.ng/wp-content/plugins/chaty/js/cht-front-script.minc280.js]
[clickmedia.com.ng/wp-json/index.html]
[clickmedia.com.ng/xmlrpc0db0.php]
[clickmedia.com.ng/wp-includes/wlwmanifest.xml]
[clickmedia.com.ng/wp-content/uploads/2018/12/cropped-logo-icon-32x32.png]
[clickmedia.com.ng/wp-content/uploads/2018/12/cropped-logo-icon-192x192.png]
[clickmedia.com.ng/wp-content/uploads/2018/12/cropped-logo-icon-180x180.png]
[connect.facebook.net/en_US/fbevents.js]
[clickmedia.com.ng/wp-content/themes/clickmedia/assets/video/video.mp4]
[clickmedia.com.ng/website-design/index.html]
[clickmedia.com.ng/online-marketing/index.html]
[clickmedia.com.ng/branding-and-design/index.html]
[clickmedia.com.ng/wp-content/themes/clickmedia/assets/images/website-ebook.png]
[clickmedia.com.ng/about-us/index.html]
[clickmedia.com.ng/seo/index.html]
[clickmedia.com.ng/wp-content/uploads/2021/04/5-Website-Mistakes-to-avoid.pdf]
[clickmedia.com.ng/contact-us/index.html]
[clickmedia.com.ng/request-for-quotation/index.html]
[clickmedia.com.ng/wp-content/uploads/2021/04/885ufm-1.jpg]
[clickmedia.com.ng/wp-content/uploads/2021/04/bellabejj_2.jpg]
[clickmedia.com.ng/wp-content/uploads/2021/04/kobocourse.jpg]
[clickmedia.com.ng/wp-content/uploads/2021/04/johnlagos.jpg]
[clickmedia.com.ng/wp-content/uploads/2021/04/arroufy.jpg]
[clickmedia.com.ng/wp-content/uploads/2021/04/cdk.jpg]
[clickmedia.com.ng/our-works/index.html]
[clickmedia.com.ng/wp-content/uploads/2021/04/insight.jpg]
[clickmedia.com.ng/wp-content/uploads/2021/04/ultima.jpg]
[clickmedia.com.ng/wp-content/uploads/2021/04/leronet.jpg]
[clickmedia.com.ng/wp-content/uploads/2021/04/paix.jpg]
[clickmedia.com.ng/wp-content/uploads/2021/04/karferry.jpg]
[clickmedia.com.ng/wp-content/uploads/2021/04/9jakids.jpg]
[clickmedia.com.ng/wp-content/plugins/disqus-comment-system/public/js/comment_counta13e.js]
[clickmedia.com.ng/blog/index.html]
[clickmedia.com.ng/free-website-audit/index.html]
[clickmedia.com.ng/10-reasons-why-website-is-important-for-business-growth/index.html]
[clickmedia.com.ng/wp-includes/js/wp-embed.min76f3.js]
[clickmedia.com.ng/index.html]
[clickmedia.com.ng/wp-content/themes/clickmedia/assets/app19f6.js]
[clickmedia.com.ng/online-marketing-guide-for-beginners/index.html]
[clickmedia.com.ng/10-small-businesses-for-instagram-advertising-in-2019/index.html]
[clickmedia.com.ng/wp-content/plugins/chaty/images/whatsapp.png]
[clickmedia.com.ng/wp-content/plugins/chaty/css/chaty-front.minc280.css]
[clickmedia.com.ng/wp-includes/css/dist/block-library/style.min76f3.css]
[clickmedia.com.ng/wp-includes/css/dist/block-library/theme.min76f3.css]
[cdnjs.cloudflare.com/ajax/libs/font-awesome/5.15.3/css/all.min76f3.css]
[clickmedia.com.ng/wp-content/themes/clickmedia/assets/images/web-background.jpg]
[clickmedia.com.ng/wp-content/themes/clickmedia/assets/app19f6.css]
[www.googletagmanager.com/gtm5445.html]
[clickmedia.com.ng/client/cdk/index.html]
[clickmedia.com.ng/projects/bellabejj-ecommerce-website/index.html]
[clickmedia.com.ng/POST]
[connect.facebook.net/en_US/fbevents.js]
[clickmedia.com.ng/wp-json/wp/v2/pages/27.json]
[clickmedia.com.ng/wp-json/oembed/1.0/embed68d2.json]
[clickmedia.com.ng/wp-json/oembed/1.0/embeda7fd]
[clickmedia.com.ng/wp-content/themes/clickmedia/assets/video/web-video.mp4]
[clickmedia.com.ng/wp-content/themes/clickmedia/assets/images/web-mobile.jpg]
[clickmedia.com.ng/wp-content/themes/clickmedia/assets/images/web-1.svg]
[clickmedia.com.ng/website-design/index.html]
[clickmedia.com.ng/wp-content/themes/clickmedia/assets/images/web-2.svg]
[clickmedia.com.ng/wp-json/wp/v2/pages/31.json]
[clickmedia.com.ng/wp-json/oembed/1.0/embed6492.json]
[clickmedia.com.ng/wp-json/oembed/1.0/embed992c]
[clickmedia.com.ng/wp-content/themes/clickmedia/assets/video/online.mp4]
[clickmedia.com.ng/wp-content/themes/clickmedia/assets/images/online-marketing.svg]
[clickmedia.com.ng/online-marketing/index.html]
[clickmedia.com.ng/wp-json/wp/v2/pages/35.json]
[clickmedia.com.ng/wp-json/oembed/1.0/embed193d.json]
[clickmedia.com.ng/wp-json/oembed/1.0/embed33c4]
[clickmedia.com.ng/wp-content/themes/clickmedia/assets/video/brand.mp4]
[clickmedia.com.ng/wp-content/themes/clickmedia/assets/images/paixcare.jpg]
[clickmedia.com.ng/wp-content/themes/clickmedia/assets/images/saphys.jpg]
[clickmedia.com.ng/branding-and-design/index.html]
[clickmedia.com.ng/wp-json/wp/v2/pages/41.json]
[clickmedia.com.ng/wp-json/oembed/1.0/embed7152.json]
[clickmedia.com.ng/wp-json/oembed/1.0/embeda862]
[clickmedia.com.ng/seo/index.html]
[clickmedia.com.ng/wp-json/wp/v2/pages/51.json]
[clickmedia.com.ng/wp-json/oembed/1.0/embed62fc.json]
[clickmedia.com.ng/wp-json/oembed/1.0/embed36b4]
[clickmedia.com.ng/about-us/index.html]
[clickmedia.com.ng/wp-json/wp/v2/pages/74.json]
[clickmedia.com.ng/wp-json/oembed/1.0/embedf251.json]
[clickmedia.com.ng/wp-json/oembed/1.0/embedb320]
[clickmedia.com.ng/contact-us/index.html]
[clickmedia.com.ng/wp-content/uploads/2021/04/web-background.jpg]
[clickmedia.com.ng/wp-json/wp/v2/pages/67.json]
[clickmedia.com.ng/wp-json/oembed/1.0/embed51c8.json]
[clickmedia.com.ng/wp-json/oembed/1.0/embed7b62]
[clickmedia.com.ng/request-for-quotation/index.html]
[clickmedia.com.ng/our-works/index.html]
[clickmedia.com.ng/free-website-audit/index.html]
[clickmedia.com.ng/blog/index.html]
[clickmedia.com.ng/10-reasons-why-website-is-important-for-business-growth/index.html]
[clickmedia.com.ng/10-small-businesses-for-instagram-advertising-in-2019/index.html]
[clickmedia.com.ng/online-marketing-guide-for-beginners/index.html]
[clickmedia.com.ng/client/cdk/index.html]
[clickmedia.com.ng/projects/bellabejj-ecommerce-website/index.html]
[clickmedia.com.ng/POST.html]
[clickmedia.com.ng/index1c4a.html]
[clickmedia.com.ng/wp-content/themes/clickmedia/assets/images/web-1.svg]
[clickmedia.com.ng/wp-content/themes/clickmedia/assets/images/web-2.svg]
[clickmedia.com.ng/indexc7e3.html]
[clickmedia.com.ng/wp-content/themes/clickmedia/assets/images/online-marketing.svg]
[clickmedia.com.ng/index5c90.html]
[clickmedia.com.ng/indexcbb6.html]
[clickmedia.com.ng/index8cf7.html]
[clickmedia.com.ng/index49a5.html]
[clickmedia.com.ng/index96f1.html]
[clickmedia.com.ng/wp-content/uploads/2021/04/5-Website-Mistakes-to-avoid.pdf]
[clickmedia.com.ng/wp-json/wp/v2/pages/81]
[clickmedia.com.ng/index44d0.html]
[clickmedia.com.ng/wp-json/oembed/1.0/embed7138]
[clickmedia.com.ng/wp-json/oembed/1.0/embed19e3]
[clickmedia.com.ng/wp-json/wp/v2/pages/89]
[clickmedia.com.ng/index3fbb.html]
[clickmedia.com.ng/wp-json/oembed/1.0/embed1e88]
[clickmedia.com.ng/wp-json/oembed/1.0/embed1ba9]
[clickmedia.com.ng/wp-json/wp/v2/pages/98]
[clickmedia.com.ng/indexb6ad.html]
[clickmedia.com.ng/wp-json/oembed/1.0/embed658d]
[clickmedia.com.ng/wp-json/oembed/1.0/embed8162]
[clickmedia.com.ng/wp-content/uploads/2018/12/newsletter-banner-envelope.png]
[clickmedia.com.ng/wp-content/uploads/2019/01/instagram-business-account-advertising-2.jpg]
[clickmedia.com.ng/wp-content/uploads/2019/01/online-marketing-1024x669.jpeg]
[clickmedia.com.ng/why-you-should-be-using-whatsapp-business-to-engage-your-customers-and-increase-sales/index.html]
[clickmedia.com.ng/wp-content/uploads/2019/01/whatsapp-business-banner.jpg]
[clickmedia.com.ng/how-to-become-a-professional-website-designer-in-lagos-nigeria/index.html]
[clickmedia.com.ng/wp-content/uploads/2018/12/how-to-become-a-website-designer-in-lagos-nigeria-1024x505.jpg]
[clickmedia.com.ng/5-inexpensive-ways-to-improve-website-conversion-rate-in-2019/index.html]
[clickmedia.com.ng/wp-content/uploads/2018/12/houses-ui-large.jpeg]
[clickmedia.com.ng/10-reasons-why-website-is-important-for-business-growth/feed/index.html]
[clickmedia.com.ng/wp-json/wp/v2/posts/257]
[clickmedia.com.ng/index548d.html]
[clickmedia.com.ng/wp-json/oembed/1.0/embedfa0f]
[clickmedia.com.ng/wp-json/oembed/1.0/embedf110]
[clickmedia.com.ng/wp-content/plugins/disqus-comment-system/public/js/comment_embeda13e.js]
[clickmedia.com.ng/wp-includes/js/comment-reply.min76f3.js]
[clickmedia.com.ng/10-small-businesses-for-instagram-advertising-in-2019/feed/index.html]
[clickmedia.com.ng/wp-json/wp/v2/posts/215]
[clickmedia.com.ng/indexd7c9.html]
[clickmedia.com.ng/wp-json/oembed/1.0/embed5fde]
[clickmedia.com.ng/wp-json/oembed/1.0/embed0add]
[clickmedia.com.ng/wp-content/uploads/2019/01/Instagram-active-monthly-users-2018-1024x664.jpg]
[clickmedia.com.ng/wp-content/uploads/2019/01/instagram-revenue-graph-statista.jpg]
[clickmedia.com.ng/wp-content/uploads/2019/01/instagram-business-profile-setup.jpg]
[clickmedia.com.ng/wp-content/uploads/2019/01/instagram-business-post-analytics.jpg]
[clickmedia.com.ng/wp-content/uploads/2019/01/instagram-business-website-link-2-1024x802.jpg]
[clickmedia.com.ng/wp-content/uploads/2019/01/instagram-business-promote-post-2.jpg]
[clickmedia.com.ng/wp-content/uploads/2019/01/online-marketing.jpeg]
[clickmedia.com.ng/online-marketing-guide-for-beginners/feed/index.html]
[clickmedia.com.ng/wp-json/wp/v2/posts/188]
[clickmedia.com.ng/index9e8b.html]
[clickmedia.com.ng/wp-json/oembed/1.0/embed260d]
[clickmedia.com.ng/wp-json/oembed/1.0/embedeee9]
[localhost_8888/2021/clickmedia/wp-content/uploads/2019/01/online-marketing.jpeg]
[localhost_8888/2021/clickmedia/wp-content/uploads/2019/01/world-internet-usage-2018.jpg]
[localhost_8888/2021/clickmedia/wp-content/uploads/2019/01/sad-young-man.jpeg]
[localhost_8888/2021/clickmedia/wp-content/uploads/2019/01/ubersuggest-construction-keyword.jpg]
[localhost_8888/2021/clickmedia/wp-content/uploads/2019/01/social-media-advertising-statistics-by-statista.com_.jpg]
[localhost_8888/2021/clickmedia/wp-content/uploads/2019/01/content-marketing-1024x683.jpg]
[localhost_8888/2021/clickmedia/wp-content/uploads/2019/01/email-marketing.jpeg]
[clickmedia.com.ng/index970c.html]
[clickmedia.com.ng/wp-json/oembed/1.0/embede3fe]
[clickmedia.com.ng/wp-json/oembed/1.0/embed1d86]
[clickmedia.com.ng/index0776.html]
[clickmedia.com.ng/wp-json/oembed/1.0/embed22ea]
[clickmedia.com.ng/wp-json/oembed/1.0/embeda329]
